<html>
<body>
<pre>
<h1>�Vision Build Log</h1>
<h2>Tool Versions:</h2>
IDE-Version: µVision V5.43.1.0
Copyright (C) 2025 ARM Ltd and ARM Germany GmbH. All rights reserved.
License Information: adda awdawddaadadadad, dawawd, LIC=ATTQ1-CJ6X2-PCEJ8-3Z1Z2-5DIAV-XHK1Q
 
Tool Versions:
Toolchain:       MDK-ARM Plus  Version: 5.43.0.0
Toolchain Path:  D:\APPS\keil\cores\ARM\ARMCC\Bin
C Compiler:      Armcc.exe V5.06 update 6 (build 750)
Assembler:       Armasm.exe V5.06 update 6 (build 750)
Linker/Locator:  ArmLink.exe V5.06 update 6 (build 750)
Library Manager: ArmAr.exe V5.06 update 6 (build 750)
Hex Converter:   FromElf.exe V5.06 update 6 (build 750)
CPU DLL:         SARMCM3.DLL V5.43.0.0
Dialog DLL:      DCM.DLL V1.17.5.0
Target DLL:      Segger\JL2CM3.dll V2.99.45.0
Dialog DLL:      TCM.DLL V1.56.6.0
 
<h2>Project:</h2>
D:\Projects\Keil\STM32F103C8T6\stm32-f103-ct6project\蓝牙小车\project.uvprojx
Project File Date:  01/03/2026

<h2>Output:</h2>
*** Using Compiler 'V5.06 update 6 (build 750)', folder: 'D:\APPS\keil\cores\ARM\ARMCC\Bin'
Rebuild target 'Target_1'
compiling core_cm3.c...
compiling stm32f10x_adc.c...
compiling stm32f10x_crc.c...
compiling misc.c...
assembling startup_stm32f10x_md.s...
compiling system_stm32f10x.c...
compiling delay.c...
compiling stm32f10x_i2c.c...
compiling stm32f10x_flash.c...
compiling stm32f10x_wwdg.c...
compiling stm32f10x_sdio.c...
compiling stm32f10x_bkp.c...
compiling stm32f10x_dma.c...
compiling stm32f10x_dbgmcu.c...
compiling main.c...
compiling stm32f10x_rtc.c...
compiling stm32f10x_fsmc.c...
compiling stm32f10x_iwdg.c...
compiling stm32f10x_rcc.c...
compiling stm32f10x_cec.c...
compiling stm32f10x_gpio.c...
compiling stm32f10x_spi.c...
compiling OLED.c...
compiling LED.c...
compiling MyI2C.c...
compiling stm32f10x_can.c...
compiling stm32f10x_exti.c...
compiling Motor.c...
compiling stm32f10x_pwr.c...
compiling key.c...
compiling stm32f10x_it.c...
compiling Sensor.c...
compiling PWM.c...
compiling BLE.c...
compiling stm32f10x_dac.c...
compiling stm32f10x_usart.c...
compiling Motor_app.c...
compiling stm32f10x_tim.c...
compiling track_app.c...
compiling BLE_app.c...
linking...
Program Size: Code=12080 RO-data=732 RW-data=68 ZI-data=1732  
".\Objects\project.axf" - 0 Error(s), 0 Warning(s).

<h2>Software Packages used:</h2>

Package Vendor: Keil
                https://www.keil.com/pack/Keil.STM32F1xx_DFP.2.4.1.pack
                Keil::STM32F1xx_DFP@2.4.1
                STMicroelectronics STM32F1 Series Device Support, Drivers and Examples

<h2>Collection of Component include folders:</h2>
  D:/APPS/keil/packs/Keil/STM32F1xx_DFP/2.4.1/Device/Include

<h2>Collection of Component Files used:</h2>
Build Time Elapsed:  00:00:05
</pre>
</body>
</html>
